5:42:41 pm - Projects in this build: 
    * tsconfig.app.json
    * tsconfig.node.json
    * tsconfig.json

5:42:41 pm - Project 'tsconfig.app.json' is out of date because buildinfo file 'node_modules/.tmp/tsconfig.app.tsbuildinfo' indicates that program needs to report errors.

5:42:41 pm - Building project 'C:/Users/mnsnn/Documents/SAAS/Improvapp/insightstore-ai/tsconfig.app.json'...

src/components/progress/AnalysisProgress.tsx(139,36): error TS2339: Property 'app_name' does not exist on type 'never'.
src/components/progress/AnalysisProgress.tsx(139,61): error TS2339: Property 'app_name' does not exist on type 'never'.
src/components/progress/AnalysisProgress.tsx(142,71): error TS2339: Property 'app_name' does not exist on type 'never'.
src/components/report/AppMetaCard.tsx(33,21): error TS2345: Argument of type '{ is_public: boolean; }' is not assignable to parameter of type 'never'.
src/components/report/PainPointCards.tsx(8,1): error TS6133: 'PainPointRow' is declared but its value is never read.
src/components/search/AppPreviewCard.tsx(9,1): error TS6133: 'cn' is declared but its value is never read.
5:42:47 pm - Project 'tsconfig.node.json' is out of date because output file 'vite.config.js' does not exist

5:42:47 pm - Building project 'C:/Users/mnsnn/Documents/SAAS/Improvapp/insightstore-ai/tsconfig.node.json'...

