
> insightstore-ai@0.0.0 build
> tsc -b && vite build

src/components/layout/AppShell.tsx(61,29): error TS2322: Type '(e: any) => void' is not assignable to type '() => void'.
  Target signature provides too few arguments. Expected 1 or more, but got 0.
src/components/layout/AppShell.tsx(61,39): error TS7006: Parameter 'e' implicitly has an 'any' type.
